[2026-08-24T14:53:49.380Z] SUCCESS  target=win64  groups=MexicoModpackWave2  exitCode=0
[2026-08-24T15:08:39.144Z] SUCCESS  target=osx  groups=MexicoModpackWave2  exitCode=0
[2026-08-24T15:30:25.288Z] SUCCESS  target=linux64  groups=MexicoModpackWave2  exitCode=0
[2026-08-24T16:07:39.349Z] SUCCESS  target=win64  groups=MexicoModpackWave2  exitCode=0
[2026-08-24T16:11:41.942Z] SUCCESS  target=osx  groups=MexicoModpackWave2  exitCode=0
[2026-08-24T16:14:00.214Z] SUCCESS  target=linux64  groups=MexicoModpackWave2  exitCode=0
[2026-08-24T16:30:13.292Z] SUCCESS  target=win64  groups=MexicoModpackWave1  exitCode=0
[2026-08-24T18:30:00.402Z] FAILURE  target=win64  groups=MexicoModpackWave2(v1.0.1)  exitCode=0  reason="build log contains "error CS""
[2026-08-24T18:40:19.936Z] SUCCESS  target=win64  groups=MxModpackW2  exitCode=0
[2026-08-24T18:43:05.912Z] SUCCESS  target=osx  groups=MxModpackW2  exitCode=0
[2026-08-24T18:46:17.436Z] FAILURE  target=linux64  groups=MxModpackW2  exitCode=0  reason="build log contains "error CS""
[2026-08-24T18:47:19.251Z] SUCCESS  target=linux64  groups=MxModpackW2  exitCode=0
[2026-08-24T21:39:32.725Z] SUCCESS  target=win64  groups=MxModpackW1  exitCode=0
[2026-08-25T02:17:00.663Z] SUCCESS  target=win64  groups=MxModpackW2(v1.0.3)  exitCode=0
[2026-08-25T02:21:30.582Z] SUCCESS  target=osx  groups=MxModpackW2(v1.0.3)  exitCode=0
[2026-08-25T02:26:56.946Z] SUCCESS  target=linux64  groups=MxModpackW2(v1.0.3)  exitCode=0
[2026-08-25T15:19:40.543Z] SUCCESS  target=win64  groups=MxModpackW1(v4.0.0)  exitCode=0
[2026-08-25T15:23:25.055Z] SUCCESS  target=osx  groups=MxModpackW1(v4.0.0)  exitCode=0
[2026-08-25T15:27:18.176Z] SUCCESS  target=linux64  groups=MxModpackW1(v4.0.0)  exitCode=0
[2026-08-26T19:23:30.435Z] SUCCESS  target=win64  groups=MxModpackW2(v1.0.3478)  exitCode=0
[2026-08-26T19:26:25.983Z] SUCCESS  target=osx  groups=MxModpackW2(v1.0.3478)  exitCode=0
[2026-08-26T19:29:39.981Z] SUCCESS  target=linux64  groups=MxModpackW2(v1.0.3478)  exitCode=0
[2026-08-28T04:11:23.796Z] SUCCESS  target=win64  groups=MxModpackW1(v4.1.0)  exitCode=0
[2026-08-28T04:16:44.617Z] SUCCESS  target=osx  groups=MxModpackW1(v4.1.0)  exitCode=0
[2026-08-28T04:22:32.303Z] SUCCESS  target=linux64  groups=MxModpackW1(v4.1.0)  exitCode=0
[2026-09-20T23:45:39.702Z] SUCCESS  target=win64  groups=MxModpackW1(v4.1.0)  exitCode=0
[2026-09-20T23:48:41.029Z] SUCCESS  target=osx  groups=MxModpackW1(v4.1.0)  exitCode=0
[2026-09-20T23:51:31.362Z] SUCCESS  target=linux64  groups=MxModpackW1(v4.1.0)  exitCode=0
[2026-09-21T20:01:59.659Z] SUCCESS  target=win64  groups=MxModpackW2(v2.0.0alpha)  exitCode=0
[2026-09-22T01:23:34.921Z] SUCCESS  target=win64  groups=MxModpackW2(V2.0.0)  exitCode=0
[2026-09-22T01:30:44.457Z] SUCCESS  target=osx  groups=MxModpackW2(V2.0.0)  exitCode=0
[2026-09-22T01:38:54.669Z] SUCCESS  target=linux64  groups=MxModpackW2(V2.0.0)  exitCode=0
[2026-09-22T02:54:47.972Z] SUCCESS  target=win64  groups=MxModpackW2(V2.0.0)  exitCode=0
[2026-09-22T02:57:58.238Z] SUCCESS  target=osx  groups=MxModpackW2(V2.0.0)  exitCode=0
[2026-09-22T03:01:07.717Z] SUCCESS  target=linux64  groups=MxModpackW2(V2.0.0)  exitCode=0
[2026-09-22T04:35:22.935Z] SUCCESS  target=win64  groups=MxModpackW2(v2.0.0)  exitCode=0
[2026-09-22T04:39:07.944Z] SUCCESS  target=osx  groups=MxModpackW2(v2.0.0)  exitCode=0
[2026-09-22T04:53:25.124Z] SUCCESS  target=win64  groups=MxModpackW2(V2.0.0)  exitCode=0
[2026-09-22T04:56:24.542Z] SUCCESS  target=osx  groups=MxModpackW2(V2.0.0)  exitCode=0
[2026-09-22T04:59:25.318Z] SUCCESS  target=linux64  groups=MxModpackW2(V2.0.0)  exitCode=0
